2025-12-17 20:23:07.637 | The files belonging to this database system will be owned by user "postgres".
2025-12-17 20:23:07.637 | This user must also own the server process.
2025-12-17 20:23:07.637 | 
2025-12-17 20:23:07.638 | The database cluster will be initialized with locale "en_US.utf8".
2025-12-17 20:23:07.638 | The default database encoding has accordingly been set to "UTF8".
2025-12-17 20:23:07.638 | The default text search configuration will be set to "english".
2025-12-17 20:23:07.638 | 
2025-12-17 20:23:07.638 | Data page checksums are disabled.
2025-12-17 20:23:07.638 | 
2025-12-17 20:23:07.638 | fixing permissions on existing directory /var/lib/postgresql/data ... ok
2025-12-17 20:23:07.641 | creating subdirectories ... ok
2025-12-17 20:23:07.641 | selecting dynamic shared memory implementation ... posix
2025-12-17 20:23:07.665 | selecting default max_connections ... 100
2025-12-17 20:23:07.686 | selecting default shared_buffers ... 128MB
2025-12-17 20:23:07.701 | selecting default time zone ... Etc/UTC
2025-12-17 20:23:07.702 | creating configuration files ... ok
2025-12-17 20:23:07.833 | running bootstrap script ... ok
2025-12-17 20:23:08.201 | performing post-bootstrap initialization ... ok
2025-12-17 20:23:08.367 | syncing data to disk ... ok
2025-12-17 20:23:08.367 | 
2025-12-17 20:23:08.367 | 
2025-12-17 20:23:08.367 | Success. You can now start the database server using:
2025-12-17 20:23:08.367 | 
2025-12-17 20:23:08.367 |     pg_ctl -D /var/lib/postgresql/data -l logfile start
2025-12-17 20:23:08.367 | 
2025-12-17 20:23:08.367 | initdb: warning: enabling "trust" authentication for local connections
2025-12-17 20:23:08.367 | You can change this by editing pg_hba.conf or using the option -A, or
2025-12-17 20:23:08.367 | --auth-local and --auth-host, the next time you run initdb.
2025-12-17 20:23:08.403 | waiting for server to start....2025-12-17 17:23:08.403 UTC [47] LOG:  starting PostgreSQL 14.20 (Debian 14.20-1.pgdg13+1) on x86_64-pc-linux-gnu, compiled by gcc (Debian 14.2.0-19) 14.2.0, 64-bit
2025-12-17 20:23:08.407 | 2025-12-17 17:23:08.407 UTC [47] LOG:  listening on Unix socket "/var/run/postgresql/.s.PGSQL.5432"
2025-12-17 20:23:08.415 | 2025-12-17 17:23:08.415 UTC [48] LOG:  database system was shut down at 2025-12-17 17:23:08 UTC
2025-12-17 20:23:08.424 | 2025-12-17 17:23:08.424 UTC [47] LOG:  database system is ready to accept connections
2025-12-17 20:23:08.483 |  done
2025-12-17 20:23:08.483 | server started
2025-12-17 20:23:08.626 | CREATE DATABASE
2025-12-17 20:23:08.627 | 
2025-12-17 20:23:08.627 | 
2025-12-17 20:23:08.627 | /usr/local/bin/docker-entrypoint.sh: ignoring /docker-entrypoint-initdb.d/*
2025-12-17 20:23:08.627 | 
2025-12-17 20:23:08.627 | 2025-12-17 17:23:08.627 UTC [47] LOG:  received fast shutdown request
2025-12-17 20:23:08.629 | waiting for server to shut down....2025-12-17 17:23:08.629 UTC [47] LOG:  aborting any active transactions
2025-12-17 20:23:08.630 | 2025-12-17 17:23:08.630 UTC [47] LOG:  background worker "logical replication launcher" (PID 54) exited with exit code 1
2025-12-17 20:23:08.631 | 2025-12-17 17:23:08.631 UTC [49] LOG:  shutting down
2025-12-17 20:23:08.674 | 2025-12-17 17:23:08.674 UTC [47] LOG:  database system is shut down
2025-12-17 20:23:08.728 |  done
2025-12-17 20:23:08.728 | server stopped
2025-12-17 20:23:08.729 | 
2025-12-17 20:23:08.729 | PostgreSQL init process complete; ready for start up.
2025-12-17 20:23:08.729 | 
2025-12-17 20:23:08.749 | 2025-12-17 17:23:08.749 UTC [1] LOG:  starting PostgreSQL 14.20 (Debian 14.20-1.pgdg13+1) on x86_64-pc-linux-gnu, compiled by gcc (Debian 14.2.0-19) 14.2.0, 64-bit
2025-12-17 20:23:08.749 | 2025-12-17 17:23:08.749 UTC [1] LOG:  listening on IPv4 address "0.0.0.0", port 5432
2025-12-17 20:23:08.749 | 2025-12-17 17:23:08.749 UTC [1] LOG:  listening on IPv6 address "::", port 5432
2025-12-17 20:23:08.754 | 2025-12-17 17:23:08.754 UTC [1] LOG:  listening on Unix socket "/var/run/postgresql/.s.PGSQL.5432"
2025-12-17 20:23:08.763 | 2025-12-17 17:23:08.763 UTC [62] LOG:  database system was shut down at 2025-12-17 17:23:08 UTC
2025-12-17 20:23:08.771 | 2025-12-17 17:23:08.771 UTC [1] LOG:  database system is ready to accept connections
2025-12-17 20:23:18.967 | 2025-12-17 17:23:18.967 UTC [85] ERROR:  relation "log" does not exist at character 13
2025-12-17 20:23:18.967 | 2025-12-17 17:23:18.967 UTC [85] STATEMENT:  INSERT INTO log (dttm, event, owner, extra) VALUES ('2025-12-17T17:23:18.959449+00:00'::timestamptz, 'cli_check', 'airflow', '{"host_name": "fa09cce6139b", "full_command": "[''/home/airflow/.local/bin/airflow'', ''db'', ''check'']"}') RETURNING log.id
2025-12-17 20:23:19.112 | 2025-12-17 17:23:19.112 UTC [86] ERROR:  relation "log" does not exist at character 13
2025-12-17 20:23:19.112 | 2025-12-17 17:23:19.112 UTC [86] STATEMENT:  INSERT INTO log (dttm, event, owner, extra) VALUES ('2025-12-17T17:23:19.106555+00:00'::timestamptz, 'cli_check', 'airflow', '{"host_name": "96d18643beee", "full_command": "[''/home/airflow/.local/bin/airflow'', ''db'', ''check'']"}') RETURNING log.id
2025-12-17 20:23:20.434 | 2025-12-17 17:23:20.434 UTC [87] ERROR:  relation "log" does not exist at character 13
2025-12-17 20:23:20.434 | 2025-12-17 17:23:20.434 UTC [87] STATEMENT:  INSERT INTO log (dttm, event, owner, extra) VALUES ('2025-12-17T17:23:20.426105+00:00'::timestamptz, 'cli_webserver', 'airflow', '{"host_name": "fa09cce6139b", "full_command": "[''/home/airflow/.local/bin/airflow'', ''webserver'']"}') RETURNING log.id
2025-12-17 20:23:22.083 | 2025-12-17 17:23:22.083 UTC [88] ERROR:  relation "log" does not exist at character 13
2025-12-17 20:23:22.083 | 2025-12-17 17:23:22.083 UTC [88] STATEMENT:  INSERT INTO log (dttm, event, owner, extra) VALUES ('2025-12-17T17:23:22.076277+00:00'::timestamptz, 'cli_scheduler', 'airflow', '{"host_name": "96d18643beee", "full_command": "[''/home/airflow/.local/bin/airflow'', ''scheduler'']"}') RETURNING log.id
2025-12-17 20:23:22.675 | 2025-12-17 17:23:22.675 UTC [89] ERROR:  relation "log" does not exist at character 13
2025-12-17 20:23:22.676 | 2025-12-17 17:23:22.675 UTC [89] STATEMENT:  INSERT INTO log (dttm, event, owner, extra) VALUES ('2025-12-17T17:23:22.669751+00:00'::timestamptz, 'cli_check', 'airflow', '{"host_name": "fa09cce6139b", "full_command": "[''/home/airflow/.local/bin/airflow'', ''db'', ''check'']"}') RETURNING log.id
2025-12-17 20:23:23.964 | 2025-12-17 17:23:23.963 UTC [98] ERROR:  relation "log" does not exist at character 13
2025-12-17 20:23:23.964 | 2025-12-17 17:23:23.963 UTC [98] STATEMENT:  INSERT INTO log (dttm, event, owner, extra) VALUES ('2025-12-17T17:23:23.954641+00:00'::timestamptz, 'cli_check', 'airflow', '{"host_name": "96d18643beee", "full_command": "[''/home/airflow/.local/bin/airflow'', ''db'', ''check'']"}') RETURNING log.id
2025-12-17 20:23:24.076 | 2025-12-17 17:23:24.075 UTC [99] ERROR:  relation "log" does not exist at character 13
2025-12-17 20:23:24.076 | 2025-12-17 17:23:24.075 UTC [99] STATEMENT:  INSERT INTO log (dttm, event, owner, extra) VALUES ('2025-12-17T17:23:24.067943+00:00'::timestamptz, 'cli_webserver', 'airflow', '{"host_name": "fa09cce6139b", "full_command": "[''/home/airflow/.local/bin/airflow'', ''webserver'']"}') RETURNING log.id
2025-12-17 20:23:25.785 | 2025-12-17 17:23:25.785 UTC [100] ERROR:  relation "log" does not exist at character 13
2025-12-17 20:23:25.785 | 2025-12-17 17:23:25.785 UTC [100] STATEMENT:  INSERT INTO log (dttm, event, owner, extra) VALUES ('2025-12-17T17:23:25.778951+00:00'::timestamptz, 'cli_check', 'airflow', '{"host_name": "fa09cce6139b", "full_command": "[''/home/airflow/.local/bin/airflow'', ''db'', ''check'']"}') RETURNING log.id
2025-12-17 20:23:26.554 | 2025-12-17 17:23:26.554 UTC [101] ERROR:  relation "log" does not exist at character 13
2025-12-17 20:23:26.554 | 2025-12-17 17:23:26.554 UTC [101] STATEMENT:  INSERT INTO log (dttm, event, owner, extra) VALUES ('2025-12-17T17:23:26.547835+00:00'::timestamptz, 'cli_scheduler', 'airflow', '{"host_name": "96d18643beee", "full_command": "[''/home/airflow/.local/bin/airflow'', ''scheduler'']"}') RETURNING log.id
2025-12-17 20:23:27.063 | 2025-12-17 17:23:27.063 UTC [102] ERROR:  relation "log" does not exist at character 13
2025-12-17 20:23:27.063 | 2025-12-17 17:23:27.063 UTC [102] STATEMENT:  INSERT INTO log (dttm, event, owner, extra) VALUES ('2025-12-17T17:23:27.057152+00:00'::timestamptz, 'cli_webserver', 'airflow', '{"host_name": "fa09cce6139b", "full_command": "[''/home/airflow/.local/bin/airflow'', ''webserver'']"}') RETURNING log.id
2025-12-17 20:23:28.268 | 2025-12-17 17:23:28.268 UTC [111] ERROR:  relation "log" does not exist at character 13
2025-12-17 20:23:28.268 | 2025-12-17 17:23:28.268 UTC [111] STATEMENT:  INSERT INTO log (dttm, event, owner, extra) VALUES ('2025-12-17T17:23:28.262212+00:00'::timestamptz, 'cli_check', 'airflow', '{"host_name": "96d18643beee", "full_command": "[''/home/airflow/.local/bin/airflow'', ''db'', ''check'']"}') RETURNING log.id
2025-12-17 20:23:28.940 | 2025-12-17 17:23:28.940 UTC [112] ERROR:  relation "log" does not exist at character 13
2025-12-17 20:23:28.940 | 2025-12-17 17:23:28.940 UTC [112] STATEMENT:  INSERT INTO log (dttm, event, owner, extra) VALUES ('2025-12-17T17:23:28.934608+00:00'::timestamptz, 'cli_check', 'airflow', '{"host_name": "fa09cce6139b", "full_command": "[''/home/airflow/.local/bin/airflow'', ''db'', ''check'']"}') RETURNING log.id
2025-12-17 20:23:30.164 | 2025-12-17 17:23:30.164 UTC [113] ERROR:  relation "log" does not exist at character 13
2025-12-17 20:23:30.164 | 2025-12-17 17:23:30.164 UTC [113] STATEMENT:  INSERT INTO log (dttm, event, owner, extra) VALUES ('2025-12-17T17:23:30.158711+00:00'::timestamptz, 'cli_webserver', 'airflow', '{"host_name": "fa09cce6139b", "full_command": "[''/home/airflow/.local/bin/airflow'', ''webserver'']"}') RETURNING log.id
2025-12-17 20:23:30.641 | 2025-12-17 17:23:30.641 UTC [114] ERROR:  relation "log" does not exist at character 13
2025-12-17 20:23:30.641 | 2025-12-17 17:23:30.641 UTC [114] STATEMENT:  INSERT INTO log (dttm, event, owner, extra) VALUES ('2025-12-17T17:23:30.633616+00:00'::timestamptz, 'cli_scheduler', 'airflow', '{"host_name": "96d18643beee", "full_command": "[''/home/airflow/.local/bin/airflow'', ''scheduler'']"}') RETURNING log.id
2025-12-17 20:23:32.424 | 2025-12-17 17:23:32.424 UTC [115] ERROR:  relation "log" does not exist at character 13
2025-12-17 20:23:32.424 | 2025-12-17 17:23:32.424 UTC [115] STATEMENT:  INSERT INTO log (dttm, event, owner, extra) VALUES ('2025-12-17T17:23:32.418573+00:00'::timestamptz, 'cli_check', 'airflow', '{"host_name": "fa09cce6139b", "full_command": "[''/home/airflow/.local/bin/airflow'', ''db'', ''check'']"}') RETURNING log.id
2025-12-17 20:23:32.454 | 2025-12-17 17:23:32.454 UTC [116] ERROR:  relation "log" does not exist at character 13
2025-12-17 20:23:32.454 | 2025-12-17 17:23:32.454 UTC [116] STATEMENT:  INSERT INTO log (dttm, event, owner, extra) VALUES ('2025-12-17T17:23:32.443004+00:00'::timestamptz, 'cli_check', 'airflow', '{"host_name": "96d18643beee", "full_command": "[''/home/airflow/.local/bin/airflow'', ''db'', ''check'']"}') RETURNING log.id
2025-12-17 20:23:33.697 | 2025-12-17 17:23:33.696 UTC [125] ERROR:  relation "log" does not exist at character 13
2025-12-17 20:23:33.697 | 2025-12-17 17:23:33.696 UTC [125] STATEMENT:  INSERT INTO log (dttm, event, owner, extra) VALUES ('2025-12-17T17:23:33.688996+00:00'::timestamptz, 'cli_webserver', 'airflow', '{"host_name": "fa09cce6139b", "full_command": "[''/home/airflow/.local/bin/airflow'', ''webserver'']"}') RETURNING log.id
2025-12-17 20:23:34.909 | 2025-12-17 17:23:34.909 UTC [126] ERROR:  relation "log" does not exist at character 13
2025-12-17 20:23:34.909 | 2025-12-17 17:23:34.909 UTC [126] STATEMENT:  INSERT INTO log (dttm, event, owner, extra) VALUES ('2025-12-17T17:23:34.902652+00:00'::timestamptz, 'cli_scheduler', 'airflow', '{"host_name": "96d18643beee", "full_command": "[''/home/airflow/.local/bin/airflow'', ''scheduler'']"}') RETURNING log.id
2025-12-17 20:23:36.799 | 2025-12-17 17:23:36.799 UTC [127] ERROR:  relation "log" does not exist at character 13
2025-12-17 20:23:36.799 | 2025-12-17 17:23:36.799 UTC [127] STATEMENT:  INSERT INTO log (dttm, event, owner, extra) VALUES ('2025-12-17T17:23:36.791722+00:00'::timestamptz, 'cli_check', 'airflow', '{"host_name": "fa09cce6139b", "full_command": "[''/home/airflow/.local/bin/airflow'', ''db'', ''check'']"}') RETURNING log.id
2025-12-17 20:23:37.119 | 2025-12-17 17:23:37.119 UTC [128] ERROR:  relation "log" does not exist at character 13
2025-12-17 20:23:37.119 | 2025-12-17 17:23:37.119 UTC [128] STATEMENT:  INSERT INTO log (dttm, event, owner, extra) VALUES ('2025-12-17T17:23:37.112865+00:00'::timestamptz, 'cli_check', 'airflow', '{"host_name": "96d18643beee", "full_command": "[''/home/airflow/.local/bin/airflow'', ''db'', ''check'']"}') RETURNING log.id
2025-12-17 20:23:38.079 | 2025-12-17 17:23:38.079 UTC [137] ERROR:  relation "log" does not exist at character 13
2025-12-17 20:23:38.079 | 2025-12-17 17:23:38.079 UTC [137] STATEMENT:  INSERT INTO log (dttm, event, owner, extra) VALUES ('2025-12-17T17:23:38.073718+00:00'::timestamptz, 'cli_webserver', 'airflow', '{"host_name": "fa09cce6139b", "full_command": "[''/home/airflow/.local/bin/airflow'', ''webserver'']"}') RETURNING log.id
2025-12-17 20:23:39.551 | 2025-12-17 17:23:39.551 UTC [138] ERROR:  relation "log" does not exist at character 13
2025-12-17 20:23:39.551 | 2025-12-17 17:23:39.551 UTC [138] STATEMENT:  INSERT INTO log (dttm, event, owner, extra) VALUES ('2025-12-17T17:23:39.544689+00:00'::timestamptz, 'cli_scheduler', 'airflow', '{"host_name": "96d18643beee", "full_command": "[''/home/airflow/.local/bin/airflow'', ''scheduler'']"}') RETURNING log.id
2025-12-17 20:23:42.604 | 2025-12-17 17:23:42.604 UTC [139] ERROR:  relation "log" does not exist at character 13
2025-12-17 20:23:42.604 | 2025-12-17 17:23:42.604 UTC [139] STATEMENT:  INSERT INTO log (dttm, event, owner, extra) VALUES ('2025-12-17T17:23:42.597794+00:00'::timestamptz, 'cli_check', 'airflow', '{"host_name": "96d18643beee", "full_command": "[''/home/airflow/.local/bin/airflow'', ''db'', ''check'']"}') RETURNING log.id
2025-12-17 20:23:42.693 | 2025-12-17 17:23:42.693 UTC [140] ERROR:  relation "log" does not exist at character 13
2025-12-17 20:23:42.694 | 2025-12-17 17:23:42.693 UTC [140] STATEMENT:  INSERT INTO log (dttm, event, owner, extra) VALUES ('2025-12-17T17:23:42.686743+00:00'::timestamptz, 'cli_check', 'airflow', '{"host_name": "fa09cce6139b", "full_command": "[''/home/airflow/.local/bin/airflow'', ''db'', ''check'']"}') RETURNING log.id
2025-12-17 20:23:43.926 | 2025-12-17 17:23:43.926 UTC [149] ERROR:  relation "log" does not exist at character 13
2025-12-17 20:23:43.926 | 2025-12-17 17:23:43.926 UTC [149] STATEMENT:  INSERT INTO log (dttm, event, owner, extra) VALUES ('2025-12-17T17:23:43.920686+00:00'::timestamptz, 'cli_webserver', 'airflow', '{"host_name": "fa09cce6139b", "full_command": "[''/home/airflow/.local/bin/airflow'', ''webserver'']"}') RETURNING log.id
2025-12-17 20:23:45.025 | 2025-12-17 17:23:45.025 UTC [150] ERROR:  relation "log" does not exist at character 13
2025-12-17 20:23:45.025 | 2025-12-17 17:23:45.025 UTC [150] STATEMENT:  INSERT INTO log (dttm, event, owner, extra) VALUES ('2025-12-17T17:23:45.018849+00:00'::timestamptz, 'cli_scheduler', 'airflow', '{"host_name": "96d18643beee", "full_command": "[''/home/airflow/.local/bin/airflow'', ''scheduler'']"}') RETURNING log.id
2025-12-17 20:23:49.663 | 2025-12-17 17:23:49.663 UTC [159] ERROR:  relation "log" does not exist at character 13
2025-12-17 20:23:49.663 | 2025-12-17 17:23:49.663 UTC [159] STATEMENT:  INSERT INTO log (dttm, event, owner, extra) VALUES ('2025-12-17T17:23:49.657790+00:00'::timestamptz, 'cli_check', 'airflow', '{"host_name": "96d18643beee", "full_command": "[''/home/airflow/.local/bin/airflow'', ''db'', ''check'']"}') RETURNING log.id
2025-12-17 20:23:51.700 | 2025-12-17 17:23:51.699 UTC [160] ERROR:  relation "log" does not exist at character 13
2025-12-17 20:23:51.700 | 2025-12-17 17:23:51.699 UTC [160] STATEMENT:  INSERT INTO log (dttm, event, owner, extra) VALUES ('2025-12-17T17:23:51.693156+00:00'::timestamptz, 'cli_check', 'airflow', '{"host_name": "fa09cce6139b", "full_command": "[''/home/airflow/.local/bin/airflow'', ''db'', ''check'']"}') RETURNING log.id
2025-12-17 20:23:52.073 | 2025-12-17 17:23:52.072 UTC [161] ERROR:  relation "log" does not exist at character 13
2025-12-17 20:23:52.073 | 2025-12-17 17:23:52.072 UTC [161] STATEMENT:  INSERT INTO log (dttm, event, owner, extra) VALUES ('2025-12-17T17:23:52.066511+00:00'::timestamptz, 'cli_scheduler', 'airflow', '{"host_name": "96d18643beee", "full_command": "[''/home/airflow/.local/bin/airflow'', ''scheduler'']"}') RETURNING log.id
2025-12-17 20:23:52.964 | 2025-12-17 17:23:52.964 UTC [162] ERROR:  relation "log" does not exist at character 13
2025-12-17 20:23:52.964 | 2025-12-17 17:23:52.964 UTC [162] STATEMENT:  INSERT INTO log (dttm, event, owner, extra) VALUES ('2025-12-17T17:23:52.958572+00:00'::timestamptz, 'cli_webserver', 'airflow', '{"host_name": "fa09cce6139b", "full_command": "[''/home/airflow/.local/bin/airflow'', ''webserver'']"}') RETURNING log.id
2025-12-17 20:23:59.969 | 2025-12-17 17:23:59.969 UTC [179] ERROR:  relation "log" does not exist at character 13
2025-12-17 20:23:59.969 | 2025-12-17 17:23:59.969 UTC [179] STATEMENT:  INSERT INTO log (dttm, event, owner, extra) VALUES ('2025-12-17T17:23:59.963546+00:00'::timestamptz, 'cli_check', 'airflow', '{"host_name": "96d18643beee", "full_command": "[''/home/airflow/.local/bin/airflow'', ''db'', ''check'']"}') RETURNING log.id
2025-12-17 20:24:02.329 | 2025-12-17 17:24:02.329 UTC [180] ERROR:  relation "log" does not exist at character 13
2025-12-17 20:24:02.329 | 2025-12-17 17:24:02.329 UTC [180] STATEMENT:  INSERT INTO log (dttm, event, owner, extra) VALUES ('2025-12-17T17:24:02.322740+00:00'::timestamptz, 'cli_scheduler', 'airflow', '{"host_name": "96d18643beee", "full_command": "[''/home/airflow/.local/bin/airflow'', ''scheduler'']"}') RETURNING log.id
2025-12-17 20:24:07.196 | 2025-12-17 17:24:07.196 UTC [189] ERROR:  relation "log" does not exist at character 13
2025-12-17 20:24:07.196 | 2025-12-17 17:24:07.196 UTC [189] STATEMENT:  INSERT INTO log (dttm, event, owner, extra) VALUES ('2025-12-17T17:24:07.190798+00:00'::timestamptz, 'cli_check', 'airflow', '{"host_name": "fa09cce6139b", "full_command": "[''/home/airflow/.local/bin/airflow'', ''db'', ''check'']"}') RETURNING log.id
2025-12-17 20:24:08.489 | 2025-12-17 17:24:08.489 UTC [196] ERROR:  relation "log" does not exist at character 13
2025-12-17 20:24:08.489 | 2025-12-17 17:24:08.489 UTC [196] STATEMENT:  INSERT INTO log (dttm, event, owner, extra) VALUES ('2025-12-17T17:24:08.483354+00:00'::timestamptz, 'cli_webserver', 'airflow', '{"host_name": "fa09cce6139b", "full_command": "[''/home/airflow/.local/bin/airflow'', ''webserver'']"}') RETURNING log.id
2025-12-17 20:24:16.614 | 2025-12-17 17:24:16.614 UTC [208] ERROR:  relation "log" does not exist at character 13
2025-12-17 20:24:16.614 | 2025-12-17 17:24:16.614 UTC [208] STATEMENT:  INSERT INTO log (dttm, event, owner, extra) VALUES ('2025-12-17T17:24:16.608299+00:00'::timestamptz, 'cli_check', 'airflow', '{"host_name": "96d18643beee", "full_command": "[''/home/airflow/.local/bin/airflow'', ''db'', ''check'']"}') RETURNING log.id
2025-12-17 20:24:18.920 | 2025-12-17 17:24:18.920 UTC [216] ERROR:  relation "log" does not exist at character 13
2025-12-17 20:24:18.920 | 2025-12-17 17:24:18.920 UTC [216] STATEMENT:  INSERT INTO log (dttm, event, owner, extra) VALUES ('2025-12-17T17:24:18.913889+00:00'::timestamptz, 'cli_scheduler', 'airflow', '{"host_name": "96d18643beee", "full_command": "[''/home/airflow/.local/bin/airflow'', ''scheduler'']"}') RETURNING log.id
2025-12-17 20:24:35.562 | 2025-12-17 17:24:35.561 UTC [241] ERROR:  relation "log" does not exist at character 13
2025-12-17 20:24:35.562 | 2025-12-17 17:24:35.561 UTC [241] STATEMENT:  INSERT INTO log (dttm, event, owner, extra) VALUES ('2025-12-17T17:24:35.555861+00:00'::timestamptz, 'cli_check', 'airflow', '{"host_name": "fa09cce6139b", "full_command": "[''/home/airflow/.local/bin/airflow'', ''db'', ''check'']"}') RETURNING log.id
2025-12-17 20:24:36.751 | 2025-12-17 17:24:36.751 UTC [242] ERROR:  relation "log" does not exist at character 13
2025-12-17 20:24:36.751 | 2025-12-17 17:24:36.751 UTC [242] STATEMENT:  INSERT INTO log (dttm, event, owner, extra) VALUES ('2025-12-17T17:24:36.745899+00:00'::timestamptz, 'cli_webserver', 'airflow', '{"host_name": "fa09cce6139b", "full_command": "[''/home/airflow/.local/bin/airflow'', ''webserver'']"}') RETURNING log.id
2025-12-17 20:24:45.948 | 2025-12-17 17:24:45.948 UTC [259] ERROR:  relation "log" does not exist at character 13
2025-12-17 20:24:45.948 | 2025-12-17 17:24:45.948 UTC [259] STATEMENT:  INSERT INTO log (dttm, event, owner, extra) VALUES ('2025-12-17T17:24:45.941974+00:00'::timestamptz, 'cli_check', 'airflow', '{"host_name": "96d18643beee", "full_command": "[''/home/airflow/.local/bin/airflow'', ''db'', ''check'']"}') RETURNING log.id
2025-12-17 20:24:48.286 | 2025-12-17 17:24:48.286 UTC [260] ERROR:  relation "log" does not exist at character 13
2025-12-17 20:24:48.286 | 2025-12-17 17:24:48.286 UTC [260] STATEMENT:  INSERT INTO log (dttm, event, owner, extra) VALUES ('2025-12-17T17:24:48.278117+00:00'::timestamptz, 'cli_scheduler', 'airflow', '{"host_name": "96d18643beee", "full_command": "[''/home/airflow/.local/bin/airflow'', ''scheduler'']"}') RETURNING log.id